// Jest Snapshot v1, https://goo.gl/fbAQLP

exports[`icon render successfully 1`] = `
<div>
  <svg
    className="icon"
  >
    <use
      xlinkHref="draw"
    />
  </svg>
</div>
`;
